// Jest Snapshot v1, https://goo.gl/fbAQLP

exports[`Panel component match snapshot 1`] = `null`;
